b (boolean)
str (string)
i (integer)
i2 (integer)(3)
